
Memory Configuration

Name             Origin             Length             Attributes
*default*        0x0000000000000000 0xffffffffffffffff

Linker script and memory map

                0x0000000000000000                . = 0x0

.text           0x0000000000000000      0x104
 *(vector_start)
 *(.text .rodata)
 .text          0x0000000000000000       0xd4 build/Entry.o
                0x0000000000000000                vector_start
 .text          0x00000000000000d4       0x30 build/main.o
                0x00000000000000d4                main

.glue_7         0x0000000000000104        0x0
 .glue_7        0x0000000000000104        0x0 linker stubs

.glue_7t        0x0000000000000104        0x0
 .glue_7t       0x0000000000000104        0x0 linker stubs

.vfp11_veneer   0x0000000000000104        0x0
 .vfp11_veneer  0x0000000000000104        0x0 linker stubs

.v4_bx          0x0000000000000104        0x0
 .v4_bx         0x0000000000000104        0x0 linker stubs

.iplt           0x0000000000000104        0x0
 .iplt          0x0000000000000104        0x0 build/Entry.o

.rel.dyn        0x0000000000000104        0x0
 .rel.iplt      0x0000000000000104        0x0 build/Entry.o

.data           0x0000000000000104        0x0
 *(.data)
 .data          0x0000000000000104        0x0 build/Entry.o
 .data          0x0000000000000104        0x0 build/main.o

.igot.plt       0x0000000000000104        0x0
 .igot.plt      0x0000000000000104        0x0 build/Entry.o

.bss            0x0000000000000104        0x0
 *(.bss)
 .bss           0x0000000000000104        0x0 build/Entry.o
 .bss           0x0000000000000104        0x0 build/main.o
LOAD build/Entry.o
LOAD build/main.o
OUTPUT(build/navilos.axf elf32-littlearm)
LOAD linker stubs

.ARM.attributes
                0x0000000000000000       0x2b
 .ARM.attributes
                0x0000000000000000       0x1d build/Entry.o
 .ARM.attributes
                0x000000000000001d       0x2f build/main.o

.comment        0x0000000000000000       0x4d
 .comment       0x0000000000000000       0x4d build/main.o
                                         0x4e (size before relaxing)

.debug_line     0x0000000000000000       0xc5
 .debug_line    0x0000000000000000       0x6d build/Entry.o
 .debug_line    0x000000000000006d       0x58 build/main.o

.debug_info     0x0000000000000000       0xae
 .debug_info    0x0000000000000000       0x26 build/Entry.o
 .debug_info    0x0000000000000026       0x88 build/main.o

.debug_abbrev   0x0000000000000000       0x81
 .debug_abbrev  0x0000000000000000       0x14 build/Entry.o
 .debug_abbrev  0x0000000000000014       0x6d build/main.o

.debug_aranges  0x0000000000000000       0x40
 .debug_aranges
                0x0000000000000000       0x20 build/Entry.o
 .debug_aranges
                0x0000000000000020       0x20 build/main.o

.debug_str      0x0000000000000000       0xf4
 .debug_str     0x0000000000000000       0x5c build/Entry.o
 .debug_str     0x000000000000005c       0x98 build/main.o
                                         0xf2 (size before relaxing)

.debug_frame    0x0000000000000000       0x30
 .debug_frame   0x0000000000000000       0x30 build/main.o
